Type: AppLaunch
Group: com.webos.app.tvuserguide
Start time: 9806.02
Process                        MsgID                     Time(s)  +Diff(s)  Extra
surface-manager-starfish       IM_KEY_INPUT              0.0      +0.0      key_value:0 key_code:272
sam                            APP_LAUNCH                0.006    +0.006    status:start_prelaunching
sam                            APP_LAUNCH                0.006    +0.0      status:start_memory_checking
sam                            APP_LAUNCH                0.009    +0.003    status:start_launching
WebAppMgr                      APPLAUNCH_START           0.01     +0.001    APP_ID:com.webos.app.tvuserguide
WebAppMgr                      APPLOADED                 0.198    +0.188    APP_ID:com.webos.app.tvuserguide URL:file:///usr/palm/applications/com.webos.app.tvuserguide/index.html PID:3614
WebAppMgr                      APPLOADED                 1.1      +0.902    APP_ID:com.webos.app.tvuserguide URL:file:///usr/palm/applications/com.webos.app.tvuserguide/Apps/k_kor/index.html PID:3614
sam                            GET_FOREGROUND_APPINFO    1.707    +0.607    
WebAppMgr                      WINDOW_FOCUSIN            1.718    +0.011    APP_ID:com.webos.app.tvuserguide
Elapsed time (s) : 1.718

