Type: AppLaunch
Group: com.webos.app.discovery
Start time: 71.88
Process                        MsgID                     Time(s)  +Diff(s)  Extra
surface-manager-starfish       IM_KEY_INPUT              0.0      +0.0      key_value:0 key_code:272
sam                            APP_LAUNCH                0.027    +0.027    status:start_prelaunching
sam                            APP_LAUNCH                0.038    +0.011    status:start_memory_checking
sam                            APP_LAUNCH                0.042    +0.004    status:start_launching
WebAppMgr                      APPLAUNCH_START           0.044    +0.002    APP_ID:com.webos.app.discovery
WebAppMgr                      APP_ATTACHED_TO_CONTAINER 0.047    +0.003    APP_ID:com.webos.app.discovery PID:4316
WebAppMgr                      APPLOADED                 4.804    +4.757    APP_ID:com.webos.app.discovery URL:https://qt2-us.lgrecommends.lgappstv.com/discovery_2016/discovery.html?q=%7B%22returnValue%22%3Atrue%2C%22header%22%3A%22%22%2C%22HOST%22%3A%22qt2-US.lgtvsdp.com%22%2C%22X-Device-Language%22%3A%22en-US%22%2C%22X-Device-FW-Version%22%3A%2200.10.54%22%2C%22X ... 3A%22HE_DTV_W16M_AFADATAA%22%2C%22X-Device-Eco-Info%22%3A%221%22%2C%22X-Device-Product%22%3A%22webOSTV+3.0%22%2C%22X-Device-Platform%22%3A%22W16M%22%2C%22X-Device-Publish-Flag%22%3A%22N%22%2C%22X-Device-Sales-Model%22%3A%22WEBOS3%22%7D&page=store&fast=true PID:4316
sam                            GET_FOREGROUND_APPINFO    4.975    +0.171    
Elapsed time (s) : 4.975

Type: AppLaunch
Group: com.webos.app.discovery
Start time: 477.11
Process                        MsgID                     Time(s)  +Diff(s)  Extra
sam                            APP_LAUNCH                0.0      +0.0      status:start_prelaunching
surface-manager-starfish       IM_KEY_INPUT              1.341    +1.341    key_value:1 key_code:272
surface-manager-starfish       IM_KEY_INPUT              1.541    +0.2      key_value:0 key_code:272
sam                            APP_LAUNCH                1.547    +0.006    status:start_memory_checking
sam                            APP_LAUNCH                1.548    +0.001    status:start_launching
WebAppMgr                      WINDOW_FOCUSIN            1.548    +0.0      APP_ID:com.webos.app.discovery
Elapsed time (s) : 1.548

Type: AppLaunch
Group: youtube.leanback.v4
Start time: 494.15
Process                        MsgID                     Time(s)  +Diff(s)  Extra
surface-manager-starfish       IM_KEY_INPUT              0.0      +0.0      key_value:0 key_code:272
sam                            APP_LAUNCH                0.036    +0.036    status:start_prelaunching
sam                            APP_LAUNCH                0.048    +0.012    status:start_memory_checking
sam                            APP_LAUNCH                0.05     +0.002    status:start_launching
WebAppMgr                      APPLAUNCH_START           0.051    +0.001    APP_ID:youtube.leanback.v4
WebAppMgr                      APPLOADED                 0.237    +0.186    APP_ID:youtube.leanback.v4 URL:file:///media/cryptofs/apps/usr/palm/applications/youtube.leanback.v4/index.html PID:10581
WebAppMgr                      APPLOADED                 1.248    +1.011    APP_ID:youtube.leanback.v4 URL:https://www.youtube.com/tv?launch=menu&additionalDataUrl=http://localhost:18181/dialData?app=YouTube PID:10581
sam                            GET_FOREGROUND_APPINFO    2.452    +1.204    
WebAppMgr                      WINDOW_FOCUSIN            2.488    +0.036    APP_ID:youtube.leanback.v4
Elapsed time (s) : 2.488

Type: Event
Group: com.webos.app.livetv
Start time: 573.36
Process                        MsgID                     Time(s)  +Diff(s)  Extra
surface-manager-starfish       IM_KEY_INPUT              0.0      +0.0      key_value:0 key_code:272
sam                            GET_FOREGROUND_APPINFO    0.018    +0.018    
Elapsed time (s) : 0.018

Type: AppLaunch
Group: com.webos.app.discovery
Start time: 577.27
Process                        MsgID                     Time(s)  +Diff(s)  Extra
surface-manager-starfish       IM_KEY_INPUT              0.0      +0.0      key_value:0 key_code:272
sam                            APP_LAUNCH                0.022    +0.022    status:start_prelaunching
sam                            APP_LAUNCH                0.034    +0.012    status:start_memory_checking
sam                            APP_LAUNCH                0.035    +0.001    status:start_launching
WebAppMgr                      APPLAUNCH_START           0.036    +0.001    APP_ID:com.webos.app.discovery
WebAppMgr                      APP_ATTACHED_TO_CONTAINER 0.038    +0.002    APP_ID:com.webos.app.discovery PID:5367
WebAppMgr                      APPLOADED                 3.593    +3.555    APP_ID:com.webos.app.discovery URL:https://qt2-us.lgrecommends.lgappstv.com/discovery_2016/discovery.html?q=%7B%22returnValue%22%3Atrue%2C%22header%22%3A%22%22%2C%22HOST%22%3A%22qt2-US.lgtvsdp.com%22%2C%22X-Device-Language%22%3A%22en-US%22%2C%22X-Device-FW-Version%22%3A%2200.10.54%22%2C%22X ... 3A%22HE_DTV_W16M_AFADATAA%22%2C%22X-Device-Eco-Info%22%3A%221%22%2C%22X-Device-Product%22%3A%22webOSTV+3.0%22%2C%22X-Device-Platform%22%3A%22W16M%22%2C%22X-Device-Publish-Flag%22%3A%22N%22%2C%22X-Device-Sales-Model%22%3A%22WEBOS3%22%7D&page=store&fast=true PID:5367
sam                            GET_FOREGROUND_APPINFO    3.671    +0.078    
WebAppMgr                      WINDOW_FOCUSIN            3.711    +0.04     APP_ID:com.webos.app.discovery
Elapsed time (s) : 3.711

