Type: LSM
Group: HomeScreenShown
Start time: 21978.25
Process                        MsgID                     Time(s)  +Diff(s)  Extra
surface-manager-starfish       IM_KEY_INPUT              0.0      +0.0      key_value:0 key_code:773
surface-manager-starfish       HOME_LAUNCHER_SHOWN       0.028    +0.028    TIME:22 UNIT:ms
surface-manager-starfish       HOME_WEDGE_SHOWN          0.259    +0.231    
Elapsed time (s) : 0.259

Type: AppLaunch
Group: com.webos.app.tvuserguide
Start time: 21983.53
Process                        MsgID                     Time(s)  +Diff(s)  Extra
surface-manager-starfish       IM_KEY_INPUT              0.0      +0.0      key_value:0 key_code:272
sam                            APP_LAUNCH                0.006    +0.006    status:start_prelaunching
sam                            APP_LAUNCH                0.006    +0.0      status:start_memory_checking
sam                            APP_LAUNCH                0.008    +0.002    status:start_launching
WebAppMgr                      APPLAUNCH_START           0.009    +0.001    APP_ID:com.webos.app.tvuserguide
WebAppMgr                      APPLOADED                 0.188    +0.179    APP_ID:com.webos.app.tvuserguide URL:file:///usr/palm/applications/com.webos.app.tvuserguide/index.html PID:11798
WebAppMgr                      APPLOADED                 0.911    +0.723    APP_ID:com.webos.app.tvuserguide URL:file:///usr/palm/applications/com.webos.app.tvuserguide/Apps/k_kor/index.html PID:11798
sam                            GET_FOREGROUND_APPINFO    1.275    +0.364    
WebAppMgr                      WINDOW_FOCUSIN            1.286    +0.011    APP_ID:com.webos.app.tvuserguide
Elapsed time (s) : 1.286

Type: LSM
Group: HomeScreenShown
Start time: 21987.49
Process                        MsgID                     Time(s)  +Diff(s)  Extra
surface-manager-starfish       IM_KEY_INPUT              0.0      +0.0      key_value:0 key_code:773
surface-manager-starfish       HOME_LAUNCHER_SHOWN       0.022    +0.022    TIME:20 UNIT:ms
surface-manager-starfish       HOME_WEDGE_SHOWN          0.264    +0.242    
Elapsed time (s) : 0.264

Type: LSM
Group: HomeScreenShown
Start time: 21990.88
Process                        MsgID                     Time(s)  +Diff(s)  Extra
surface-manager-starfish       IM_KEY_INPUT              0.0      +0.0      key_value:0 key_code:773
surface-manager-starfish       HOME_LAUNCHER_SHOWN       0.05     +0.05     TIME:19 UNIT:ms
surface-manager-starfish       HOME_WEDGE_SHOWN          0.247    +0.197    
Elapsed time (s) : 0.247

Type: AppLaunch
Group: com.webos.app.tvuserguide
Start time: 21992.35
Process                        MsgID                     Time(s)  +Diff(s)  Extra
surface-manager-starfish       IM_KEY_INPUT              0.0      +0.0      key_value:0 key_code:272
sam                            GET_FOREGROUND_APPINFO    0.033    +0.033    
WebAppMgr                      WINDOW_FOCUSIN            0.578    +0.545    APP_ID:com.webos.app.tvuserguide
Elapsed time (s) : 0.578

Type: LSM
Group: HomeScreenShown
Start time: 21993.81
Process                        MsgID                     Time(s)  +Diff(s)  Extra
surface-manager-starfish       IM_KEY_INPUT              0.0      +0.0      key_value:1 key_code:773
surface-manager-starfish       HOME_WEDGE_SHOWN          0.66     +0.66     
Elapsed time (s) : 0.660

Type: AppLaunch
Group: com.webos.app.livetv
Start time: 21997.12
Process                        MsgID                     Time(s)  +Diff(s)  Extra
surface-manager-starfish       IM_KEY_INPUT              0.0      +0.0      key_value:0 key_code:272
WebAppMgr                      WINDOW_FOCUSIN            0.326    +0.326    APP_ID:com.webos.app.tvuserguide
sam                            GET_FOREGROUND_APPINFO    0.405    +0.079    
Elapsed time (s) : 0.405

