Type: AppLaunch
Group: com.webos.app.information
Start time: 1712.72
Process                        MsgID                     Time(s)  +Diff(s)  Extra
surface-manager-starfish       IM_KEY_INPUT              0.0      +0.0      key_value:0 key_code:28
sam                            APP_LAUNCH                0.016    +0.016    status:start_prelaunching
sam                            APP_LAUNCH                0.024    +0.008    status:start_memory_checking
sam                            APP_LAUNCH                0.025    +0.001    status:start_launching
WebAppMgr                      APPLAUNCH_START           0.026    +0.001    APP_ID:com.webos.app.information
WebAppMgr                      APP_ATTACHED_TO_CONTAINER 0.028    +0.002    APP_ID:com.webos.app.information PID:4878
WebAppMgr                      WINDOW_FOCUSIN            0.485    +0.457    APP_ID:com.webos.app.information
sam                            GET_FOREGROUND_APPINFO    0.488    +0.003    
sam                            GET_FOREGROUND_APPINFO    0.488    +0.0      
Elapsed time (s) : 0.488

